// Jest Snapshot v1, https://goo.gl/fbAQLP

exports[`Backlink component renders as snapshot 1`] = `
<p
  className="backlink"
  id="backlink"
>
  <a
    className="underline"
    onClick={[Function]}
  >
    ‚Üê Back to overview
  </a>
</p>
`;
