// Jest Snapshot v1, https://goo.gl/fbAQLP

exports[`List toggle component snapshot matches a snapshot 1`] = `
Array [
  <div
    className="col-xs-2"
    onClick={[Function]}
  >
    ▼
  </div>,
  <div
    className="col-xs-8"
    id="show_hide_button_label"
    onClick={[Function]}
  >
    <span
      id="show_hide_label"
    >
      <span>
        Liste einklappen
         
        <span
          id="list_item_banner"
        >
          (
          <span
            id="list_item_count"
          >
            0
          </span>
           
          Dokumente
          )
        </span>
      </span>
    </span>
  </div>,
  <div
    className="col-xs-2 text-right"
    onClick={[Function]}
  >
    ▼
  </div>,
]
`;
